ASxxxx Linker V03.00/V05.40 + sdld,  page 1.
Hexadecimal  [32-Bits]

Area                       Addr        Size        Decimal Bytes (Attributes)
--------------------       ----        ----        ------- ----- ------------
.  .ABS.               00000000    00000000 =           0. bytes (ABS,CON)

        Value  Global            Value  Global            Value  Global    
        -----  ------            -----  ------            -----  ------    
     00000000  .__.ABS.  |    00000000  _rRAMG    |    00000000  l__BASE  
     00000000  l__BSS    |    00000000  l__CABS   |    00000000  l__CODE_0
     00000000  l__DABS   |    00000000  l__FONT_H |    00000000  l__HEADER
     00000000  l__HEADER |    00000000  l__HEAP   |    00000000  l__HEAP_E
     00000000  l__HRAM   |    00000000  l__LIT    |    00000000  s__CABS  
     00000000  s__DABS   |    00000000  s__FONT_H |    00000000  s__FONT_H
     00000000  s__HEADER |    00000000  s__HEADER |    00000000  s__HEADER
     00000000  s__HEADER |    00000000  s__HEADER |    00000000  s__HEADER
     00000000  s__HEADER |    00000000  s__HEADER |    00000000  s__HEADER
     00000000  s__HEADER |    00000000  s__HEADER |    00000000  s__HEADER
     00000000  s__HEADER |    00000000  s__HEADER |    00000000  s__HEADER
     00000000  s__HEADER |    00000000  s__HEADER |    00000000  s__HEADER
     00000000  s__HEADER |    00000000  s__HEADER |    00000000  s__HEADER
     00000000  s__HRAM   |    00000000  s__HRAM12 |    00000001  l__GSFINA
     00000001  l__HEADER |    00000001  l__HEADER |    00000001  l__HEADER
     00000001  l__HEADER |    00000001  l__HEADER |    00000001  l__HEADER
     00000001  l__HEADER |    00000002  l__HEADER |    00000002  l__HEADER
     00000002  l__HEADER |    00000003  l__FONT_H |    00000003  l__HEADER
     00000003  l__HEADER |    00000003  l__HRAM12 |    00000005  l__HEADER
     00000006  l__HEADER |    00000007  l__HEADER |    00000008  l__HEADER
     0000000C  l__GSINIT |    0000002F  l__DATA   |    00000030  l__HEADER
     00000038  l__INITIA |    00000038  l__INITIA |    0000005C  l__HEADER
     000000AF  l__HEADER |    00000200  s__CODE   |    000007FA  l__CODE  
     0000087B  l__HOME   |    000009FA  s__HOME   |    00001275  s__BASE  
     00001275  s__CODE_0 |    00001275  s__INITIA |    00001275  s__LIT   
     000012AD  s__GSINIT |    000012B9  s__GSFINA |    00002000  _rROMB0  
     00003000  _rROMB1   |    00004000  _rRAMB    |    00008000  __VRAM   
     00008000  __VRAM800 |    00008800  __VRAM880 |    00009000  __VRAM900
     00009800  __SCRN0   |    00009C00  __SCRN1   |    0000A000  __SRAM   
     0000C000  __RAM     |    0000C000  _shadow_O |    0000C0A0  s__DATA  
     0000C0CF  s__BSS    |    0000C0CF  s__INITIA |    0000C107  s__HEAP  
     0000C107  s__HEAP_E |    0000D000  __RAMBANK |    0000E000  .STACK   
     0000FE00  __OAMRAM  |    0000FF00  _P1_REG   |    0000FF00  __IO     
     0000FF01  _SB_REG   |    0000FF02  _SC_REG   |    0000FF04  _DIV_REG 
     0000FF05  _TIMA_REG |    0000FF06  _TMA_REG  |    0000FF07  _TAC_REG 
     0000FF0F  _IF_REG   |    0000FF10  _NR10_REG |    0000FF11  _NR11_REG
     0000FF12  _NR12_REG |    0000FF13  _NR13_REG |    0000FF14  _NR14_REG
     0000FF16  _NR21_REG |    0000FF17  _NR22_REG |    0000FF18  _NR23_REG
     0000FF19  _NR24_REG |    0000FF1A  _NR30_REG |    0000FF1B  _NR31_REG
     0000FF1C  _NR32_REG |    0000FF1D  _NR33_REG |    0000FF1E  _NR34_REG
     0000FF20  _NR41_REG |    0000FF21  _NR42_REG |    0000FF22  _NR43_REG
     0000FF23  _NR44_REG |    0000FF24  _NR50_REG |    0000FF25  _NR51_REG
     0000FF26  _NR52_REG |    0000FF30  _AUD3WAVE |    0000FF30  _PCM_SAMP
     0000FF30  __AUD3WAV |    0000FF40  _LCDC_REG |    0000FF41  _STAT_REG
     0000FF42  _SCY_REG  |    0000FF43  _SCX_REG  |    0000FF44  _LY_REG  
     0000FF45  _LYC_REG  |    0000FF46  _DMA_REG  |    0000FF47  _BGP_REG 
     0000FF48  _OBP0_REG |    0000FF49  _OBP1_REG |    0000FF4A  _WY_REG  
     0000FF4B  _WX_REG   |    0000FF4D  _KEY1_REG |    0000FF4F  _VBK_REG 
     0000FF51  _HDMA1_RE |    0000FF52  _HDMA2_RE |    0000FF53  _HDMA3_RE
     0000FF54  _HDMA4_RE |    0000FF55  _HDMA5_RE |    0000FF56  _RP_REG  
ASxxxx Linker V03.00/V05.40 + sdld,  page 2.
Hexadecimal  [32-Bits]

Area                       Addr        Size        Decimal Bytes (Attributes)
--------------------       ----        ----        ------- ----- ------------
.  .ABS.               00000000    00000000 =           0. bytes (ABS,CON)

        Value  Global            Value  Global            Value  Global    
        -----  ------            -----  ------            -----  ------    
     0000FF68  _BCPS_REG |    0000FF69  _BCPD_REG |    0000FF6A  _OCPS_REG
     0000FF6B  _OCPD_REG |    0000FF70  _SVBK_REG |    0000FF76  _PCM12_RE
     0000FF77  _PCM34_RE |    0000FF80  .refresh_ |    0000FF80  __HRAM   
     0000FFFF  _IE_REG  
ASxxxx Linker V03.00/V05.40 + sdld,  page 3.
Hexadecimal  [32-Bits]

Area                       Addr        Size        Decimal Bytes (Attributes)
--------------------       ----        ----        ------- ----- ------------
_CODE                  00000200    000007FA =        2042. bytes (REL,CON)

        Value  Global            Value  Global            Value  Global    
        -----  ------            -----  ------            -----  ------    
     00000200  _setupArr |    0000021A  _num_ssid |    0000021B  _ssidsPer
     0000021C  _drawScre |    000002F7  _updateAr |    0000030E  _updateSe
     00000392  _selectSS |    000003B9  _clearScr |    000003E1  _drawMain
     00000417  _drawSele |    00000458  _switchSc |    00000469  _main    
     0000050D  __divsuch |    00000513  __modsuch |    0000051C  __divusch
     00000525  __modusch |    00000532  __divscha |    00000537  __modscha
     0000053E  __divsint |    00000547  __modsint |    00000553  __divucha
     00000558  __moducha |    0000055F  __divuint |    00000568  __moduint
     00000574  .div8     |    00000574  .mod8     |    0000057C  .div16   
     0000057C  .mod16    |    000005B2  .divu8    |    000005B2  .modu8   
     000005B5  .divu16   |    000005B5  .modu16   |    000005F5  __mulsuch
     000005F8  __mulusch |    00000601  __mulscha |    00000609  __mulint 
     00000628  __mulucha |    0000063A  _printf   |    0000064F  ___crlf  
     0000068A  ___printf |    000009D9  _sprintf 
ASxxxx Linker V03.00/V05.40 + sdld,  page 4.
Hexadecimal  [32-Bits]

Area                       Addr        Size        Decimal Bytes (Attributes)
--------------------       ----        ----        ------- ----- ------------
_HEADER0               00000000    00000001 =           1. bytes (ABS,CON)

        Value  Global            Value  Global            Value  Global    
        -----  ------            -----  ------            -----  ------    
     00000020  .call_hl 
ASxxxx Linker V03.00/V05.40 + sdld,  page 5.
Hexadecimal  [32-Bits]

Area                       Addr        Size        Decimal Bytes (Attributes)
--------------------       ----        ----        ------- ----- ------------
_HEADER1               00000000    00000005 =           5. bytes (ABS,CON)

        Value  Global            Value  Global            Value  Global    
        -----  ------            -----  ------            -----  ------    
     00000028  .MemsetSm
ASxxxx Linker V03.00/V05.40 + sdld,  page 6.
Hexadecimal  [32-Bits]

Area                       Addr        Size        Decimal Bytes (Attributes)
--------------------       ----        ----        ------- ----- ------------
_HEADER2               00000000    00000007 =           7. bytes (ABS,CON)

        Value  Global            Value  Global            Value  Global    
        -----  ------            -----  ------            -----  ------    
     00000030  .MemcpySm
ASxxxx Linker V03.00/V05.40 + sdld,  page 7.
Hexadecimal  [32-Bits]

Area                       Addr        Size        Decimal Bytes (Attributes)
--------------------       ----        ----        ------- ----- ------------
_HEADER3               00000000    00000008 =           8. bytes (ABS,CON)

        Value  Global            Value  Global            Value  Global    
        -----  ------            -----  ------            -----  ------    
ASxxxx Linker V03.00/V05.40 + sdld,  page 8.
Hexadecimal  [32-Bits]

Area                       Addr        Size        Decimal Bytes (Attributes)
--------------------       ----        ----        ------- ----- ------------
_HEADER4               00000000    0000005C =          92. bytes (ABS,CON)

        Value  Global            Value  Global            Value  Global    
        -----  ------            -----  ------            -----  ------    
     00000080  .int      |    0000008F  _wait_int |    0000009C  __standar
     000000AB  _refresh_ |    000000CC  .wait_vbl |    000000CC  _vsync   
     000000CC  _wait_vbl
ASxxxx Linker V03.00/V05.40 + sdld,  page 9.
Hexadecimal  [32-Bits]

Area                       Addr        Size        Decimal Bytes (Attributes)
--------------------       ----        ----        ------- ----- ------------
_HEADER5               00000000    00000001 =           1. bytes (ABS,CON)

        Value  Global            Value  Global            Value  Global    
        -----  ------            -----  ------            -----  ------    
ASxxxx Linker V03.00/V05.40 + sdld,  page 10.
Hexadecimal  [32-Bits]

Area                       Addr        Size        Decimal Bytes (Attributes)
--------------------       ----        ----        ------- ----- ------------
_HEADER6               00000000    00000002 =           2. bytes (ABS,CON)

        Value  Global            Value  Global            Value  Global    
        -----  ------            -----  ------            -----  ------    
ASxxxx Linker V03.00/V05.40 + sdld,  page 11.
Hexadecimal  [32-Bits]

Area                       Addr        Size        Decimal Bytes (Attributes)
--------------------       ----        ----        ------- ----- ------------
_HEADER7               00000000    00000030 =          48. bytes (ABS,CON)

        Value  Global            Value  Global            Value  Global    
        -----  ------            -----  ------            -----  ------    
ASxxxx Linker V03.00/V05.40 + sdld,  page 12.
Hexadecimal  [32-Bits]

Area                       Addr        Size        Decimal Bytes (Attributes)
--------------------       ----        ----        ------- ----- ------------
_HEADER8               00000000    00000006 =           6. bytes (ABS,CON)

        Value  Global            Value  Global            Value  Global    
        -----  ------            -----  ------            -----  ------    
ASxxxx Linker V03.00/V05.40 + sdld,  page 13.
Hexadecimal  [32-Bits]

Area                       Addr        Size        Decimal Bytes (Attributes)
--------------------       ----        ----        ------- ----- ------------
_HEADER9               00000000    00000003 =           3. bytes (ABS,CON)

        Value  Global            Value  Global            Value  Global    
        -----  ------            -----  ------            -----  ------    
ASxxxx Linker V03.00/V05.40 + sdld,  page 14.
Hexadecimal  [32-Bits]

Area                       Addr        Size        Decimal Bytes (Attributes)
--------------------       ----        ----        ------- ----- ------------
_HEADERa               00000000    00000001 =           1. bytes (ABS,CON)

        Value  Global            Value  Global            Value  Global    
        -----  ------            -----  ------            -----  ------    
ASxxxx Linker V03.00/V05.40 + sdld,  page 15.
Hexadecimal  [32-Bits]

Area                       Addr        Size        Decimal Bytes (Attributes)
--------------------       ----        ----        ------- ----- ------------
_HEADERb               00000000    00000001 =           1. bytes (ABS,CON)

        Value  Global            Value  Global            Value  Global    
        -----  ------            -----  ------            -----  ------    
ASxxxx Linker V03.00/V05.40 + sdld,  page 16.
Hexadecimal  [32-Bits]

Area                       Addr        Size        Decimal Bytes (Attributes)
--------------------       ----        ----        ------- ----- ------------
_HEADERc               00000000    00000001 =           1. bytes (ABS,CON)

        Value  Global            Value  Global            Value  Global    
        -----  ------            -----  ------            -----  ------    
ASxxxx Linker V03.00/V05.40 + sdld,  page 17.
Hexadecimal  [32-Bits]

Area                       Addr        Size        Decimal Bytes (Attributes)
--------------------       ----        ----        ------- ----- ------------
_HEADERd               00000000    00000002 =           2. bytes (ABS,CON)

        Value  Global            Value  Global            Value  Global    
        -----  ------            -----  ------            -----  ------    
ASxxxx Linker V03.00/V05.40 + sdld,  page 18.
Hexadecimal  [32-Bits]

Area                       Addr        Size        Decimal Bytes (Attributes)
--------------------       ----        ----        ------- ----- ------------
_HEADERe               00000000    00000001 =           1. bytes (ABS,CON)

        Value  Global            Value  Global            Value  Global    
        -----  ------            -----  ------            -----  ------    
ASxxxx Linker V03.00/V05.40 + sdld,  page 19.
Hexadecimal  [32-Bits]

Area                       Addr        Size        Decimal Bytes (Attributes)
--------------------       ----        ----        ------- ----- ------------
_HEADERf               00000000    00000001 =           1. bytes (ABS,CON)

        Value  Global            Value  Global            Value  Global    
        -----  ------            -----  ------            -----  ------    
ASxxxx Linker V03.00/V05.40 + sdld,  page 20.
Hexadecimal  [32-Bits]

Area                       Addr        Size        Decimal Bytes (Attributes)
--------------------       ----        ----        ------- ----- ------------
_HEADER10              00000000    00000002 =           2. bytes (ABS,CON)

        Value  Global            Value  Global            Value  Global    
        -----  ------            -----  ------            -----  ------    
ASxxxx Linker V03.00/V05.40 + sdld,  page 21.
Hexadecimal  [32-Bits]

Area                       Addr        Size        Decimal Bytes (Attributes)
--------------------       ----        ----        ------- ----- ------------
_HEADER11              00000000    000000AF =         175. bytes (ABS,CON)

        Value  Global            Value  Global            Value  Global    
        -----  ------            -----  ------            -----  ------    
     00000150  .reset    |    00000150  _reset    |    00000157  .code_sta
     000001B9  _exit     |    000001BD  _set_inte |    000001D1  .remove_V
     000001D1  _remove_V |    000001D4  .remove_i |    000001F1  .add_VBL 
     000001F1  _add_VBL  |    000001F4  .add_int 
ASxxxx Linker V03.00/V05.40 + sdld,  page 22.
Hexadecimal  [32-Bits]

Area                       Addr        Size        Decimal Bytes (Attributes)
--------------------       ----        ----        ------- ----- ------------
_HOME                  000009FA    0000087B =        2171. bytes (REL,CON)

        Value  Global            Value  Global            Value  Global    
        -----  ------            -----  ------            -----  ------    
     000009FA  .memset_s |    00000A03  .memcpy_s |    00000A20  .display_
     00000A20  _display_ |    00000A38  _font_loa |    00000A3F  font_load
     00000A87  font_copy |    00000ABD  font_set  |    00000ACA  .put_char
     00000AE2  .out_char |    00000AE8  .del_char |    00000B3E  _putchar 
     00000B47  _setchar  |    00000B50  _font_loa |    00000B5E  _font_set
     00000B6D  _font_ini |    00000B8C  .cls      |    00000B8C  _cls     
     00000BAE  _gotoxy   |    00000BB9  _posx     |    00000BCA  _posy    
     00000BF2  .cr_curs  |    00000C07  .adv_curs |    00000C63  .tmode   
     00000C80  .tmode_ou |    00000C89  _set_tile |    00000C8E  _set_bkg_
     00000C8E  _set_win_ |    00000C96  _set_spri |    00000CC6  .padup   
     00000CC6  _waitpadu |    00000CD6  .jpad     |    00000CD6  _joypad  
     00000CFE  _waitpad  |    00000CFF  .wait_pad |    00000D06  _color   
     00000D06  _set_1bpp |    00000D15  _puts     |    00000D38  .drawing_
     00000D55  _font_ibm |    00001136  .add_LCD  |    00001136  _add_LCD 
     0000113C  .remove_L |    0000113C  _remove_L |    00001142  .delay   
     00001142  _delay    |    0000116E  _set_bkg_ |    0000116E  _set_win_
     00001176  _set_spri |    000011CE  _uitoa    |    000011DD  _itoa    
     000011EC  .itoa     |    00001200  .utoa     |    00001274  ___sdcc_c
ASxxxx Linker V03.00/V05.40 + sdld,  page 23.
Hexadecimal  [32-Bits]

Area                       Addr        Size        Decimal Bytes (Attributes)
--------------------       ----        ----        ------- ----- ------------
_INITIALIZER           00001275    00000038 =          56. bytes (REL,CON)

        Value  Global            Value  Global            Value  Global    
        -----  ------            -----  ------            -----  ------    
ASxxxx Linker V03.00/V05.40 + sdld,  page 24.
Hexadecimal  [32-Bits]

Area                       Addr        Size        Decimal Bytes (Attributes)
--------------------       ----        ----        ------- ----- ------------
_GSINIT                000012AD    0000000C =          12. bytes (REL,CON)

        Value  Global            Value  Global            Value  Global    
        -----  ------            -----  ------            -----  ------    
     000012AD  gsinit   
ASxxxx Linker V03.00/V05.40 + sdld,  page 25.
Hexadecimal  [32-Bits]

Area                       Addr        Size        Decimal Bytes (Attributes)
--------------------       ----        ----        ------- ----- ------------
_GSFINAL               000012B9    00000001 =           1. bytes (REL,CON)

        Value  Global            Value  Global            Value  Global    
        -----  ------            -----  ------            -----  ------    
ASxxxx Linker V03.00/V05.40 + sdld,  page 26.
Hexadecimal  [32-Bits]

Area                       Addr        Size        Decimal Bytes (Attributes)
--------------------       ----        ----        ------- ----- ------------
_DATA                  0000C0A0    0000002F =          47. bytes (REL,CON)

        Value  Global            Value  Global            Value  Global    
        -----  ------            -----  ------            -----  ------    
     0000C0A0  __cpu     |    0000C0A1  __is_GBA  |    0000C0A2  .mode    
     0000C0A3  .sys_time |    0000C0A3  _sys_time |    0000C0A5  .int_0x40
     0000C0B1  font_curr |    0000C0B4  font_firs |    0000C0B5  font_tabl
     0000C0C7  .int_0x48
ASxxxx Linker V03.00/V05.40 + sdld,  page 27.
Hexadecimal  [32-Bits]

Area                       Addr        Size        Decimal Bytes (Attributes)
--------------------       ----        ----        ------- ----- ------------
_INITIALIZED           0000C0CF    00000038 =          56. bytes (REL,CON)

        Value  Global            Value  Global            Value  Global    
        -----  ------            -----  ------            -----  ------    
     0000C0CF  _ip_addre |    0000C0D1  _ssids    |    0000C0EF  _currentS
     0000C0F0  _currentP |    0000C0F1  _arrow_ti |    0000C101  _currentS
     0000C102  .curx     |    0000C103  .cury     |    0000C104  .fg_colou
     0000C104  __current |    0000C105  .bg_colou |    0000C106  .draw_mod
ASxxxx Linker V03.00/V05.40 + sdld,  page 28.
Hexadecimal  [32-Bits]

Area                       Addr        Size        Decimal Bytes (Attributes)
--------------------       ----        ----        ------- ----- ------------
_HRAM12                00000000    00000003 =           3. bytes (ABS,CON)

        Value  Global            Value  Global            Value  Global    
        -----  ------            -----  ------            -----  ------    
     0000FF90  __current |    0000FF92  __shadow_
ASxxxx Linker V03.00/V05.40 + sdld,  page 29.
Hexadecimal  [32-Bits]

Area                       Addr        Size        Decimal Bytes (Attributes)
--------------------       ----        ----        ------- ----- ------------
_FONT_HEADER0          00000000    00000003 =           3. bytes (ABS,CON)

        Value  Global            Value  Global            Value  Global    
        -----  ------            -----  ------            -----  ------    
ASxxxx Linker V03.00/V05.40 + sdld,  page 30.
Hexadecimal  [32-Bits]

Area                       Addr        Size        Decimal Bytes (Attributes)
--------------------       ----        ----        ------- ----- ------------
_HEADER_LCD0           00000000    00000003 =           3. bytes (ABS,CON)

        Value  Global            Value  Global            Value  Global    
        -----  ------            -----  ------            -----  ------    
ASxxxx Linker V03.00/V05.40 + sdld,  page 31.

Files Linked                              [ module(s) ]

../../gbdk/lib/gb/crt0.o                  [ Runtime ]
/var/folders/sb/mzghrgg150b516yj73qflty40000gn/T/lcc243810.o
                                          [ serial ]


Libraries Linked                          [ object file ]

../../gbdk/lib/sm83/sm83.lib              [ div.o ]
../../gbdk/lib/gb/gb.lib                  [ font.o ]
../../gbdk/lib/gb/gb.lib                  [ set_data.o ]
../../gbdk/lib/sm83/sm83.lib              [ mul.o ]
../../gbdk/lib/gb/gb.lib                  [ pad.o ]
../../gbdk/lib/gb/gb.lib                  [ color.o ]
../../gbdk/lib/sm83/sm83.lib              [ puts.o ]
../../gbdk/lib/gb/gb.lib                  [ drawing_isr.o ]
../../gbdk/lib/gb/gb.lib                  [ f_ibm_sh.o ]
../../gbdk/lib/gb/gb.lib                  [ lcd.o ]
../../gbdk/lib/gb/gb.lib                  [ delay.o ]
../../gbdk/lib/sm83/sm83.lib              [ printf.o ]
../../gbdk/lib/gb/gb.lib                  [ sfr.o ]
../../gbdk/lib/gb/gb.lib                  [ crlf.o ]
../../gbdk/lib/gb/gb.lib                  [ set_1bit_data.o ]
../../gbdk/lib/sm83/sm83.lib              [ sprintf.o ]
../../gbdk/lib/sm83/sm83.lib              [ itoa.o ]
../../gbdk/lib/sm83/sm83.lib              [ __sdcc_call_hl.o ]

ASxxxx Linker V03.00/V05.40 + sdld,  page 32.

User Base Address Definitions

_DATA=0xC0A0
_CODE=0x0200
ASxxxx Linker V03.00/V05.40 + sdld,  page 33.

User Global Definitions

_shadow_OAM=0xC000
.STACK=0xE000
.refresh_OAM=0xFF80

